// Jest Snapshot v1, https://goo.gl/fbAQLP

exports[`intial explore 1`] = `ShallowWrapper {}`;
