// Jest Snapshot v1, https://goo.gl/fbAQLP

exports[`intial product 1`] = `ShallowWrapper {}`;
